EN periferico_de_saida NULL /home/ise/Projects/Projeto_AC/Periferico_de_Saida.vhd sub00/vhpl16 1710350161
AR nor_operando dataflow /home/ise/Projects/Projeto_AC/NOR_Operando.vhd sub00/vhpl19 1710350164
AR periferico_de_saida behavioral /home/ise/Projects/Projeto_AC/Periferico_de_Saida.vhd sub00/vhpl17 1710350162
AR memoria_de_instrucoes behavioral /home/ise/Projects/Projeto_AC/Memoria_de_Instrucoes.vhd sub00/vhpl25 1710350170
EN mux_pc NULL /home/ise/Projects/Projeto_AC/MUX_PC.vhd sub00/vhpl02 1710350147
EN memoria_de_dados NULL /home/ise/Projects/Projeto_AC/Memoria_de_Dados.vhd sub00/vhpl22 1710350167
EN banco_de_registos NULL /home/ise/Projects/Projeto_AC/Banco_de_Registos.vhd sub00/vhpl10 1710499393
AR mux_r behavioral /home/ise/Projects/Projeto_AC/MUX_R.vhd sub00/vhpl09 1710350154
EN placa_mae NULL /home/ise/Projects/Projeto_AC/Placa_Mae.vhd sub00/vhpl26 1710350171
EN mux_r NULL /home/ise/Projects/Projeto_AC/MUX_R.vhd sub00/vhpl08 1710350153
AR periferico_de_entrada behavioral /home/ise/Projects/Projeto_AC/Periferico_de_Entrada.vhd sub00/vhpl15 1710350160
AR registo_flags behavioral /home/ise/Projects/Projeto_AC/Registo_Flags.vhd sub00/vhpl05 1710350150
AR rom_de_descodificacao behavioral /home/ise/Projects/Projeto_AC/ROM_de_Descodificacao.vhd sub00/vhpl07 1710350152
EN pc NULL /home/ise/Projects/Projeto_AC/PC.vhd sub00/vhpl00 1710350145
AR banco_de_registos behavioral /home/ise/Projects/Projeto_AC/Banco_de_Registos.vhd sub00/vhpl11 1710499394
AR placa_mae struct /home/ise/Projects/Projeto_AC/Placa_Mae.vhd sub00/vhpl27 1710350172
AR processador struct /home/ise/Projects/Projeto_AC/Processador.vhd sub00/vhpl21 1710350166
AR mux_pc behavioral /home/ise/Projects/Projeto_AC/MUX_PC.vhd sub00/vhpl03 1710350148
EN nor_operando NULL /home/ise/Projects/Projeto_AC/NOR_Operando.vhd sub00/vhpl18 1710350163
EN processador NULL /home/ise/Projects/Projeto_AC/Processador.vhd sub00/vhpl20 1710350165
AR alu behavioral /home/ise/Projects/Projeto_AC/ALU.vhd sub00/vhpl13 1710350158
EN periferico_de_entrada NULL /home/ise/Projects/Projeto_AC/Periferico_de_Entrada.vhd sub00/vhpl14 1710350159
EN rom_de_descodificacao NULL /home/ise/Projects/Projeto_AC/ROM_de_Descodificacao.vhd sub00/vhpl06 1710350151
EN memoria_de_instrucoes NULL /home/ise/Projects/Projeto_AC/Memoria_de_Instrucoes.vhd sub00/vhpl24 1710350169
AR pc behavioral /home/ise/Projects/Projeto_AC/PC.vhd sub00/vhpl01 1710350146
AR memoria_de_dados behavioral /home/ise/Projects/Projeto_AC/Memoria_de_Dados.vhd sub00/vhpl23 1710350168
EN registo_flags NULL /home/ise/Projects/Projeto_AC/Registo_Flags.vhd sub00/vhpl04 1710350149
EN alu NULL /home/ise/Projects/Projeto_AC/ALU.vhd sub00/vhpl12 1710350157
